// Jest Snapshot v1, https://goo.gl/fbAQLP

exports[`Download component renders Download 1`] = `
<button>
  Download
</button>
`;
